------------------------------------------------------------
Timing Analyzer Summary
------------------------------------------------------------

Type  : Slow 1100mV 85C Model Setup 'clk'
Slack : -3.798
TNS   : -3752.608

Type  : Slow 1100mV 85C Model Hold 'clk'
Slack : 0.304
TNS   : 0.000

Type  : Slow 1100mV 85C Model Minimum Pulse Width 'clk'
Slack : 4.196
TNS   : 0.000

Type  : Slow 1100mV 0C Model Setup 'clk'
Slack : -4.619
TNS   : -5138.372

Type  : Slow 1100mV 0C Model Hold 'clk'
Slack : 0.159
TNS   : 0.000

Type  : Slow 1100mV 0C Model Minimum Pulse Width 'clk'
Slack : 4.054
TNS   : 0.000

Type  : Fast 1100mV 85C Model Setup 'clk'
Slack : 4.204
TNS   : 0.000

Type  : Fast 1100mV 85C Model Hold 'clk'
Slack : 0.126
TNS   : 0.000

Type  : Fast 1100mV 85C Model Minimum Pulse Width 'clk'
Slack : 4.408
TNS   : 0.000

Type  : Fast 1100mV 0C Model Setup 'clk'
Slack : 4.616
TNS   : 0.000

Type  : Fast 1100mV 0C Model Hold 'clk'
Slack : 0.059
TNS   : 0.000

Type  : Fast 1100mV 0C Model Minimum Pulse Width 'clk'
Slack : 4.408
TNS   : 0.000

------------------------------------------------------------
